Simulator report for firebee1
Fri Mar 10 13:17:46 2017
Quartus II Version 9.1 Build 350 03/24/2010 Service Pack 2 SJ Web Edition


---------------------
; Table of Contents ;
---------------------
  1. Legal Notice
  2. Simulator Summary
  3. Simulator Settings
  4. Simulation Waveforms
  5. |firebee1|FalconIO_SDCard_IDE_CF:Wolfgang_Foerster_and_Fredi_Aschwanden|dcfifo1:WRF|dcfifo_mixed_widths:dcfifo_mixed_widths_component|dcfifo_3fh1:auto_generated|altsyncram_ci31:fifo_ram|ALTSYNCRAM
  6. |firebee1|Video:Fredi_Aschwanden|altdpram0:ST_CLUT_BLUE|altsyncram:altsyncram_component|altsyncram_rb92:auto_generated|ALTSYNCRAM
  7. |firebee1|Video:Fredi_Aschwanden|altdpram0:ST_CLUT_GREEN|altsyncram:altsyncram_component|altsyncram_rb92:auto_generated|ALTSYNCRAM
  8. |firebee1|Video:Fredi_Aschwanden|altdpram2:ACP_CLUT_RAM55|altsyncram:altsyncram_component|altsyncram_pf92:auto_generated|ALTSYNCRAM
  9. |firebee1|FalconIO_SDCard_IDE_CF:Wolfgang_Foerster_and_Fredi_Aschwanden|dcfifo0:RDF|dcfifo_mixed_widths:dcfifo_mixed_widths_component|dcfifo_0hh1:auto_generated|altsyncram_bi31:fifo_ram|ALTSYNCRAM
 10. |firebee1|Video:Fredi_Aschwanden|BLITTER:BLITTER|altsyncram0:$00000|altsyncram:altsyncram_component|altsyncram_3on1:auto_generated|ALTSYNCRAM
 11. |firebee1|Video:Fredi_Aschwanden|altdpram1:FALCON_CLUT_GREEN|altsyncram:altsyncram_component|altsyncram_lf92:auto_generated|ALTSYNCRAM
 12. |firebee1|Video:Fredi_Aschwanden|altdpram1:FALCON_CLUT_BLUE|altsyncram:altsyncram_component|altsyncram_lf92:auto_generated|ALTSYNCRAM
 13. |firebee1|Video:Fredi_Aschwanden|altdpram1:FALCON_CLUT_RED|altsyncram:altsyncram_component|altsyncram_lf92:auto_generated|ALTSYNCRAM
 14. |firebee1|Video:Fredi_Aschwanden|altdpram0:ST_CLUT_RED|altsyncram:altsyncram_component|altsyncram_rb92:auto_generated|ALTSYNCRAM
 15. |firebee1|Video:Fredi_Aschwanden|altdpram2:ACP_CLUT_RAM54|altsyncram:altsyncram_component|altsyncram_pf92:auto_generated|ALTSYNCRAM
 16. |firebee1|Video:Fredi_Aschwanden|altdpram2:ACP_CLUT_RAM|altsyncram:altsyncram_component|altsyncram_pf92:auto_generated|ALTSYNCRAM
 17. |firebee1|altpll_reconfig1:inst7|altpll_reconfig1_pllrcfg_t4q:altpll_reconfig1_pllrcfg_t4q_component|altsyncram:altsyncram4|altsyncram_46r:auto_generated|ALTSYNCRAM
 18. |firebee1|Video:Fredi_Aschwanden|lpm_fifo_dc0:inst|dcfifo:dcfifo_component|dcfifo_8fi1:auto_generated|altsyncram_tl31:fifo_ram|ALTSYNCRAM
 19. |firebee1|Video:Fredi_Aschwanden|lpm_fifoDZ:inst63|scfifo:scfifo_component|scfifo_lk21:auto_generated|a_dpfifo_oq21:dpfifo|altsyncram_gj81:FIFOram|ALTSYNCRAM
 20. Coverage Summary
 21. Complete 1/0-Value Coverage
 22. Missing 1-Value Coverage
 23. Missing 0-Value Coverage
 24. Simulator INI Usage
 25. Simulator Messages



----------------
; Legal Notice ;
----------------
Copyright (C) 1991-2010 Altera Corporation
Your use of Altera Corporation's design tools, logic functions 
and other software and tools, and its AMPP partner logic 
functions, and any output files from any of the foregoing 
(including device programming or simulation files), and any 
associated documentation or information are expressly subject 
to the terms and conditions of the Altera Program License 
Subscription Agreement, Altera MegaCore Function License 
Agreement, or other applicable license agreement, including, 
without limitation, that your use is for the sole purpose of 
programming logic devices manufactured by Altera and sold by 
Altera or its authorized distributors.  Please refer to the 
applicable agreement for further details.



+-------------------+
; Simulator Summary ;
+------+------------+
; Type ; Value      ;
+------+------------+


+---------------------------------------------------------------------------------------------------------------------------+
; Simulator Settings                                                                                                        ;
+--------------------------------------------------------------------------------------------+--------------+---------------+
; Option                                                                                     ; Setting      ; Default Value ;
+--------------------------------------------------------------------------------------------+--------------+---------------+
; Simulation mode                                                                            ; Timing       ; Timing        ;
; Start time                                                                                 ; 0 ns         ; 0 ns          ;
; End time                                                                                   ; 2 us         ;               ;
; Simulation results format                                                                  ; CVWF         ;               ;
; Vector input source                                                                        ; firebee1.vwf ;               ;
; Add pins automatically to simulation output waveforms                                      ; Off          ; On            ;
; Check outputs                                                                              ; Off          ; Off           ;
; Report simulation coverage                                                                 ; On           ; On            ;
; Display complete 1/0 value coverage report                                                 ; On           ; On            ;
; Display missing 1-value coverage report                                                    ; On           ; On            ;
; Display missing 0-value coverage report                                                    ; On           ; On            ;
; Detect setup and hold time violations                                                      ; Off          ; Off           ;
; Detect glitches                                                                            ; Off          ; Off           ;
; Disable timing delays in Timing Simulation                                                 ; Off          ; Off           ;
; Generate Signal Activity File                                                              ; Off          ; Off           ;
; Generate VCD File for PowerPlay Power Analyzer                                             ; Off          ; Off           ;
; Group bus channels in simulation results                                                   ; Off          ; Off           ;
; Preserve fewer signal transitions to reduce memory requirements                            ; On           ; On            ;
; Trigger vector comparison with the specified mode                                          ; INPUT_EDGE   ; INPUT_EDGE    ;
; Disable setup and hold time violations detection in input registers of bi-directional pins ; Off          ; Off           ;
; Overwrite Waveform Inputs With Simulation Outputs                                          ; Off          ;               ;
; Perform Glitch Filtering in Timing Simulation                                              ; Auto         ; Auto          ;
; Interconnect Delay Model Type                                                              ; Transport    ; Transport     ;
; Cell Delay Model Type                                                                      ; Transport    ; Transport     ;
+--------------------------------------------------------------------------------------------+--------------+---------------+


+----------------------+
; Simulation Waveforms ;
+----------------------+
Waveform report data cannot be output to ASCII.
Please use Quartus II to view the waveform report data.


+------------------------------------------------------------------------------------------------------------------------------------------------------------------------------------------------------+
; |firebee1|FalconIO_SDCard_IDE_CF:Wolfgang_Foerster_and_Fredi_Aschwanden|dcfifo1:WRF|dcfifo_mixed_widths:dcfifo_mixed_widths_component|dcfifo_3fh1:auto_generated|altsyncram_ci31:fifo_ram|ALTSYNCRAM ;
+------------------------------------------------------------------------------------------------------------------------------------------------------------------------------------------------------+
Please refer to fitter text-based report (*.fit.rpt) to view logical memory report content in ASCII.


+-----------------------------------------------------------------------------------------------------------------------------------+
; |firebee1|Video:Fredi_Aschwanden|altdpram0:ST_CLUT_BLUE|altsyncram:altsyncram_component|altsyncram_rb92:auto_generated|ALTSYNCRAM ;
+-----------------------------------------------------------------------------------------------------------------------------------+
Please refer to fitter text-based report (*.fit.rpt) to view logical memory report content in ASCII.


+------------------------------------------------------------------------------------------------------------------------------------+
; |firebee1|Video:Fredi_Aschwanden|altdpram0:ST_CLUT_GREEN|altsyncram:altsyncram_component|altsyncram_rb92:auto_generated|ALTSYNCRAM ;
+------------------------------------------------------------------------------------------------------------------------------------+
Please refer to fitter text-based report (*.fit.rpt) to view logical memory report content in ASCII.


+-------------------------------------------------------------------------------------------------------------------------------------+
; |firebee1|Video:Fredi_Aschwanden|altdpram2:ACP_CLUT_RAM55|altsyncram:altsyncram_component|altsyncram_pf92:auto_generated|ALTSYNCRAM ;
+-------------------------------------------------------------------------------------------------------------------------------------+
Please refer to fitter text-based report (*.fit.rpt) to view logical memory report content in ASCII.


+------------------------------------------------------------------------------------------------------------------------------------------------------------------------------------------------------+
; |firebee1|FalconIO_SDCard_IDE_CF:Wolfgang_Foerster_and_Fredi_Aschwanden|dcfifo0:RDF|dcfifo_mixed_widths:dcfifo_mixed_widths_component|dcfifo_0hh1:auto_generated|altsyncram_bi31:fifo_ram|ALTSYNCRAM ;
+------------------------------------------------------------------------------------------------------------------------------------------------------------------------------------------------------+
Please refer to fitter text-based report (*.fit.rpt) to view logical memory report content in ASCII.


+-----------------------------------------------------------------------------------------------------------------------------------------------+
; |firebee1|Video:Fredi_Aschwanden|BLITTER:BLITTER|altsyncram0:$00000|altsyncram:altsyncram_component|altsyncram_3on1:auto_generated|ALTSYNCRAM ;
+-----------------------------------------------------------------------------------------------------------------------------------------------+
Please refer to fitter text-based report (*.fit.rpt) to view logical memory report content in ASCII.


+----------------------------------------------------------------------------------------------------------------------------------------+
; |firebee1|Video:Fredi_Aschwanden|altdpram1:FALCON_CLUT_GREEN|altsyncram:altsyncram_component|altsyncram_lf92:auto_generated|ALTSYNCRAM ;
+----------------------------------------------------------------------------------------------------------------------------------------+
Please refer to fitter text-based report (*.fit.rpt) to view logical memory report content in ASCII.


+---------------------------------------------------------------------------------------------------------------------------------------+
; |firebee1|Video:Fredi_Aschwanden|altdpram1:FALCON_CLUT_BLUE|altsyncram:altsyncram_component|altsyncram_lf92:auto_generated|ALTSYNCRAM ;
+---------------------------------------------------------------------------------------------------------------------------------------+
Please refer to fitter text-based report (*.fit.rpt) to view logical memory report content in ASCII.


+--------------------------------------------------------------------------------------------------------------------------------------+
; |firebee1|Video:Fredi_Aschwanden|altdpram1:FALCON_CLUT_RED|altsyncram:altsyncram_component|altsyncram_lf92:auto_generated|ALTSYNCRAM ;
+--------------------------------------------------------------------------------------------------------------------------------------+
Please refer to fitter text-based report (*.fit.rpt) to view logical memory report content in ASCII.


+----------------------------------------------------------------------------------------------------------------------------------+
; |firebee1|Video:Fredi_Aschwanden|altdpram0:ST_CLUT_RED|altsyncram:altsyncram_component|altsyncram_rb92:auto_generated|ALTSYNCRAM ;
+----------------------------------------------------------------------------------------------------------------------------------+
Please refer to fitter text-based report (*.fit.rpt) to view logical memory report content in ASCII.


+-------------------------------------------------------------------------------------------------------------------------------------+
; |firebee1|Video:Fredi_Aschwanden|altdpram2:ACP_CLUT_RAM54|altsyncram:altsyncram_component|altsyncram_pf92:auto_generated|ALTSYNCRAM ;
+-------------------------------------------------------------------------------------------------------------------------------------+
Please refer to fitter text-based report (*.fit.rpt) to view logical memory report content in ASCII.


+-----------------------------------------------------------------------------------------------------------------------------------+
; |firebee1|Video:Fredi_Aschwanden|altdpram2:ACP_CLUT_RAM|altsyncram:altsyncram_component|altsyncram_pf92:auto_generated|ALTSYNCRAM ;
+-----------------------------------------------------------------------------------------------------------------------------------+
Please refer to fitter text-based report (*.fit.rpt) to view logical memory report content in ASCII.


+----------------------------------------------------------------------------------------------------------------------------------------------------------------------+
; |firebee1|altpll_reconfig1:inst7|altpll_reconfig1_pllrcfg_t4q:altpll_reconfig1_pllrcfg_t4q_component|altsyncram:altsyncram4|altsyncram_46r:auto_generated|ALTSYNCRAM ;
+----------------------------------------------------------------------------------------------------------------------------------------------------------------------+
Please refer to fitter text-based report (*.fit.rpt) to view logical memory report content in ASCII.


+-------------------------------------------------------------------------------------------------------------------------------------------+
; |firebee1|Video:Fredi_Aschwanden|lpm_fifo_dc0:inst|dcfifo:dcfifo_component|dcfifo_8fi1:auto_generated|altsyncram_tl31:fifo_ram|ALTSYNCRAM ;
+-------------------------------------------------------------------------------------------------------------------------------------------+
Please refer to fitter text-based report (*.fit.rpt) to view logical memory report content in ASCII.


+---------------------------------------------------------------------------------------------------------------------------------------------------------------+
; |firebee1|Video:Fredi_Aschwanden|lpm_fifoDZ:inst63|scfifo:scfifo_component|scfifo_lk21:auto_generated|a_dpfifo_oq21:dpfifo|altsyncram_gj81:FIFOram|ALTSYNCRAM ;
+---------------------------------------------------------------------------------------------------------------------------------------------------------------+
Please refer to fitter text-based report (*.fit.rpt) to view logical memory report content in ASCII.


+------------------+
; Coverage Summary ;
+------+-----------+
; Type ; Value     ;
+------+-----------+


The following table displays output ports that toggle between 1 and 0 during simulation.
+-------------------------------------------------+
; Complete 1/0-Value Coverage                     ;
+-----------+------------------+------------------+
; Node Name ; Output Port Name ; Output Port Type ;
+-----------+------------------+------------------+


The following table displays output ports that do not toggle to 1 during simulation.
+-------------------------------------------------+
; Missing 1-Value Coverage                        ;
+-----------+------------------+------------------+
; Node Name ; Output Port Name ; Output Port Type ;
+-----------+------------------+------------------+


The following table displays output ports that do not toggle to 0 during simulation.
+-------------------------------------------------+
; Missing 0-Value Coverage                        ;
+-----------+------------------+------------------+
; Node Name ; Output Port Name ; Output Port Type ;
+-----------+------------------+------------------+


+---------------------+
; Simulator INI Usage ;
+--------+------------+
; Option ; Usage      ;
+--------+------------+


+--------------------+
; Simulator Messages ;
+--------------------+
Info: *******************************************************************
Info: Running Quartus II Simulator
    Info: Version 9.1 Build 350 03/24/2010 Service Pack 2 SJ Web Edition
    Info: Processing started: Fri Mar 10 13:17:43 2017
Info: Command: quartus_sim --read_settings_files=on --write_settings_files=off firebeei1 -c firebee1
Info: Can't find specified vector source file "C:/FireBee/FPGA/firebee1.vwf"
Warning: Can't display state machine states -- register holding state machine bit "|firebee1|FalconIO_SDCard_IDE_CF:Wolfgang_Foerster_and_Fredi_Aschwanden|WF1772IP_TOP_SOC:I_FDC|WF1772IP_TRANSCEIVER:I_TRANSCEIVER|MFM_STATE.A_00" was synthesized away
Error: No valid vector source file specified and default file "C:/FireBee/FPGA/firebee1.cvwf" does not exist
Error: Quartus II Simulator was unsuccessful. 1 error, 1 warning
    Error: Peak virtual memory: 241 megabytes
    Error: Processing ended: Fri Mar 10 13:17:46 2017
    Error: Elapsed time: 00:00:03
    Error: Total CPU time (on all processors): 00:00:03


