--------------------------------------------------------------------------------------
Timing Analyzer Summary
--------------------------------------------------------------------------------------

Type           : Worst-case tsu
Slack          : -10.868 ns
Required Time  : 1.000 ns
Actual Time    : 11.868 ns
From           : FB_SIZE0
To             : FalconIO_SDCard_IDE_CF:Wolfgang_Foerster_and_Fredi_Aschwanden|dcfifo0:RDF|dcfifo_mixed_widths:dcfifo_mixed_widths_component|dcfifo_0hh1:auto_generated|altsyncram_bi31:fifo_ram|ram_block11a0~porta_datain_reg0
From Clock     : --
To Clock       : MAIN_CLK
Failed Paths   : 9538

Type           : Worst-case tco
Slack          : -96.119 ns
Required Time  : 1.000 ns
Actual Time    : 97.119 ns
From           : Video:Fredi_Aschwanden|VIDEO_MOD_MUX_CLUTCTR:VIDEO_MOD_MUX_CLUTCTR|VDL_HHT[1]
To             : FB_AD[16]
From Clock     : MAIN_CLK
To Clock       : --
Failed Paths   : 8562

Type           : Worst-case tpd
Slack          : -13.155 ns
Required Time  : 1.000 ns
Actual Time    : 14.155 ns
From           : nFB_CS2
To             : FB_AD[27]
From Clock     : --
To Clock       : --
Failed Paths   : 550

Type           : Worst-case th
Slack          : -0.274 ns
Required Time  : 1.000 ns
Actual Time    : 1.274 ns
From           : VD[18]
To             : Video:Fredi_Aschwanden|altddio_bidir0:inst1|altddio_bidir:altddio_bidir_component|ddio_bidir_3jl:auto_generated|input_cell_l[18]
From Clock     : --
To Clock       : MAIN_CLK
Failed Paths   : 11

Type           : Clock Setup: 'altpll3:inst13|altpll:altpll_component|altpll_qks2:auto_generated|clk[0]'
Slack          : -92.241 ns
Required Time  : 25.00 MHz ( period = 39.999 ns )
Actual Time    : N/A
From           : Video:Fredi_Aschwanden|VIDEO_MOD_MUX_CLUTCTR:VIDEO_MOD_MUX_CLUTCTR|VDL_HHT[1]
To             : Video:Fredi_Aschwanden|VIDEO_MOD_MUX_CLUTCTR:VIDEO_MOD_MUX_CLUTCTR|VDO_OFF
From Clock     : MAIN_CLK
To Clock       : altpll3:inst13|altpll:altpll_component|altpll_qks2:auto_generated|clk[0]
Failed Paths   : 6009

Type           : Clock Setup: 'altpll4:inst22|altpll:altpll_component|altpll_c6j2:auto_generated|clk[0]'
Slack          : -90.899 ns
Required Time  : 96.01 MHz ( period = 10.416 ns )
Actual Time    : N/A
From           : Video:Fredi_Aschwanden|VIDEO_MOD_MUX_CLUTCTR:VIDEO_MOD_MUX_CLUTCTR|VDL_HHT[1]
To             : Video:Fredi_Aschwanden|VIDEO_MOD_MUX_CLUTCTR:VIDEO_MOD_MUX_CLUTCTR|VDO_OFF
From Clock     : MAIN_CLK
To Clock       : altpll4:inst22|altpll:altpll_component|altpll_c6j2:auto_generated|clk[0]
Failed Paths   : 5954

Type           : Clock Setup: 'MAIN_CLK'
Slack          : -63.646 ns
Required Time  : 33.00 MHz ( period = 30.303 ns )
Actual Time    : 10.64 MHz ( period = 93.949 ns )
From           : Video:Fredi_Aschwanden|VIDEO_MOD_MUX_CLUTCTR:VIDEO_MOD_MUX_CLUTCTR|VDL_HHT[1]
To             : Video:Fredi_Aschwanden|VIDEO_MOD_MUX_CLUTCTR:VIDEO_MOD_MUX_CLUTCTR|VDO_OFF
From Clock     : MAIN_CLK
To Clock       : MAIN_CLK
Failed Paths   : 41189

Type           : Clock Setup: 'altpll2:inst12|altpll:altpll_component|altpll_isv2:auto_generated|clk[3]'
Slack          : -17.307 ns
Required Time  : 132.01 MHz ( period = 7.575 ns )
Actual Time    : N/A
From           : Video:Fredi_Aschwanden|BLITTER:BLITTER|BL_SRC_ADR[1]
To             : Video:Fredi_Aschwanden|altddio_bidir0:inst1|altddio_bidir:altddio_bidir_component|ddio_bidir_3jl:auto_generated|ddio_outa[10]~DFFLO
From Clock     : MAIN_CLK
To Clock       : altpll2:inst12|altpll:altpll_component|altpll_isv2:auto_generated|clk[3]
Failed Paths   : 26373

Type           : Clock Setup: 'altpll2:inst12|altpll:altpll_component|altpll_isv2:auto_generated|clk[0]'
Slack          : -12.626 ns
Required Time  : 132.01 MHz ( period = 7.575 ns )
Actual Time    : N/A
From           : Video:Fredi_Aschwanden|BLITTER:BLITTER|BL_X_CNT[0]
To             : Video:Fredi_Aschwanden|BLITTER:BLITTER|SRC_IADR[30]
From Clock     : MAIN_CLK
To Clock       : altpll2:inst12|altpll:altpll_component|altpll_isv2:auto_generated|clk[0]
Failed Paths   : 22076

Type           : Clock Setup: 'altpll1:inst|altpll:altpll_component|altpll_d4m2:auto_generated|clk[1]'
Slack          : -5.032 ns
Required Time  : 16.00 MHz ( period = 62.499 ns )
Actual Time    : N/A
From           : lpm_ff0:inst1|lpm_ff:lpm_ff_component|dffs[2]
To             : FalconIO_SDCard_IDE_CF:Wolfgang_Foerster_and_Fredi_Aschwanden|dcfifo0:RDF|dcfifo_mixed_widths:dcfifo_mixed_widths_component|dcfifo_0hh1:auto_generated|altsyncram_bi31:fifo_ram|ram_block11a0~porta_datain_reg0
From Clock     : altpll2:inst12|altpll:altpll_component|altpll_isv2:auto_generated|clk[4]
To Clock       : altpll1:inst|altpll:altpll_component|altpll_d4m2:auto_generated|clk[1]
Failed Paths   : 2839

Type           : Clock Setup: 'altpll2:inst12|altpll:altpll_component|altpll_isv2:auto_generated|clk[4]'
Slack          : -3.374 ns
Required Time  : 66.00 MHz ( period = 15.151 ns )
Actual Time    : N/A
From           : FB_ALE
To             : lpm_ff0:inst1|lpm_ff:lpm_ff_component|dffs[3]
From Clock     : altpll3:inst13|altpll:altpll_component|altpll_qks2:auto_generated|clk[0]
To Clock       : altpll2:inst12|altpll:altpll_component|altpll_isv2:auto_generated|clk[4]
Failed Paths   : 33

Type           : Clock Setup: 'altpll2:inst12|altpll:altpll_component|altpll_isv2:auto_generated|clk[1]'
Slack          : 2.966 ns
Required Time  : 132.01 MHz ( period = 7.575 ns )
Actual Time    : Restricted to 500.00 MHz ( period = 2.000 ns )
From           : Video:Fredi_Aschwanden|altddio_bidir0:inst1|altddio_bidir:altddio_bidir_component|ddio_bidir_3jl:auto_generated|input_cell_l[15]
To             : Video:Fredi_Aschwanden|altddio_bidir0:inst1|altddio_bidir:altddio_bidir_component|ddio_bidir_3jl:auto_generated|input_latch_l[15]
From Clock     : altpll2:inst12|altpll:altpll_component|altpll_isv2:auto_generated|clk[1]
To Clock       : altpll2:inst12|altpll:altpll_component|altpll_isv2:auto_generated|clk[1]
Failed Paths   : 0

Type           : Clock Setup: 'altpll2:inst12|altpll:altpll_component|altpll_isv2:auto_generated|clk[2]'
Slack          : 3.965 ns
Required Time  : 132.01 MHz ( period = 7.575 ns )
Actual Time    : N/A
From           : Video:Fredi_Aschwanden|DDR_CTR:DDR_CTR|SR_VDMP[5]
To             : Video:Fredi_Aschwanden|lpm_ff5:inst97|lpm_ff:lpm_ff_component|dffs[5]
From Clock     : altpll2:inst12|altpll:altpll_component|altpll_isv2:auto_generated|clk[0]
To Clock       : altpll2:inst12|altpll:altpll_component|altpll_isv2:auto_generated|clk[2]
Failed Paths   : 0

Type           : Clock Setup: 'altpll3:inst13|altpll:altpll_component|altpll_qks2:auto_generated|clk[1]'
Slack          : 13.509 ns
Required Time  : 2.00 MHz ( period = 499.999 ns )
Actual Time    : N/A
From           : FalconIO_SDCard_IDE_CF:Wolfgang_Foerster_and_Fredi_Aschwanden|WF2149IP_TOP_SOC:I_SOUND|PORT_A[6]
To             : FalconIO_SDCard_IDE_CF:Wolfgang_Foerster_and_Fredi_Aschwanden|LP_DIR_NS1
From Clock     : MAIN_CLK
To Clock       : altpll3:inst13|altpll:altpll_component|altpll_qks2:auto_generated|clk[1]
Failed Paths   : 0

Type           : Clock Setup: 'altpll3:inst13|altpll:altpll_component|altpll_qks2:auto_generated|clk[2]'
Slack          : 26.728 ns
Required Time  : 0.50 MHz ( period = 1999.998 ns )
Actual Time    : N/A
From           : FalconIO_SDCard_IDE_CF:Wolfgang_Foerster_and_Fredi_Aschwanden|WF6850IP_TOP_SOC:I_ACIA_KEYBOARD|WF6850IP_TRANSMIT:I_UART_TRANSMIT|PARITY_I
To             : FalconIO_SDCard_IDE_CF:Wolfgang_Foerster_and_Fredi_Aschwanden|AMKB_TX
From Clock     : MAIN_CLK
To Clock       : altpll3:inst13|altpll:altpll_component|altpll_qks2:auto_generated|clk[2]
Failed Paths   : 0

Type           : Clock Hold: 'MAIN_CLK'
Slack          : -6.235 ns
Required Time  : 33.00 MHz ( period = 30.303 ns )
Actual Time    : N/A
From           : Video:Fredi_Aschwanden|VIDEO_MOD_MUX_CLUTCTR:VIDEO_MOD_MUX_CLUTCTR|HSY_LEN[2]
To             : Video:Fredi_Aschwanden|VIDEO_MOD_MUX_CLUTCTR:VIDEO_MOD_MUX_CLUTCTR|HSYNC_I[2]
From Clock     : MAIN_CLK
To Clock       : MAIN_CLK
Failed Paths   : 5610

Type           : Clock Hold: 'altpll3:inst13|altpll:altpll_component|altpll_qks2:auto_generated|clk[0]'
Slack          : -0.919 ns
Required Time  : 25.00 MHz ( period = 39.999 ns )
Actual Time    : N/A
From           : Video:Fredi_Aschwanden|Doppelzeilen_Fifo:inst98|scfifo:scfifo_component|scfifo_kk21:auto_generated|a_dpfifo_nq21:dpfifo|low_addressa[8]
To             : Video:Fredi_Aschwanden|Doppelzeilen_Fifo:inst98|scfifo:scfifo_component|scfifo_kk21:auto_generated|a_dpfifo_nq21:dpfifo|low_addressa[8]
From Clock     : altpll3:inst13|altpll:altpll_component|altpll_qks2:auto_generated|clk[0]
To Clock       : altpll3:inst13|altpll:altpll_component|altpll_qks2:auto_generated|clk[0]
Failed Paths   : 405

Type           : Clock Hold: 'altpll1:inst|altpll:altpll_component|altpll_d4m2:auto_generated|clk[1]'
Slack          : 0.456 ns
Required Time  : 16.00 MHz ( period = 62.499 ns )
Actual Time    : N/A
From           : FalconIO_SDCard_IDE_CF:Wolfgang_Foerster_and_Fredi_Aschwanden|dcfifo0:RDF|dcfifo_mixed_widths:dcfifo_mixed_widths_component|dcfifo_0hh1:auto_generated|wrptr_g[1]
To             : FalconIO_SDCard_IDE_CF:Wolfgang_Foerster_and_Fredi_Aschwanden|dcfifo0:RDF|dcfifo_mixed_widths:dcfifo_mixed_widths_component|dcfifo_0hh1:auto_generated|altsyncram_bi31:fifo_ram|ram_block11a0~porta_address_reg0
From Clock     : altpll1:inst|altpll:altpll_component|altpll_d4m2:auto_generated|clk[1]
To Clock       : altpll1:inst|altpll:altpll_component|altpll_d4m2:auto_generated|clk[1]
Failed Paths   : 0

Type           : Clock Hold: 'altpll3:inst13|altpll:altpll_component|altpll_qks2:auto_generated|clk[1]'
Slack          : 0.502 ns
Required Time  : 2.00 MHz ( period = 499.999 ns )
Actual Time    : N/A
From           : FalconIO_SDCard_IDE_CF:Wolfgang_Foerster_and_Fredi_Aschwanden|LP_STR_X
To             : FalconIO_SDCard_IDE_CF:Wolfgang_Foerster_and_Fredi_Aschwanden|LP_STR_X
From Clock     : altpll3:inst13|altpll:altpll_component|altpll_qks2:auto_generated|clk[1]
To Clock       : altpll3:inst13|altpll:altpll_component|altpll_qks2:auto_generated|clk[1]
Failed Paths   : 0

Type           : Clock Hold: 'altpll3:inst13|altpll:altpll_component|altpll_qks2:auto_generated|clk[2]'
Slack          : 0.502 ns
Required Time  : 0.50 MHz ( period = 1999.998 ns )
Actual Time    : N/A
From           : FalconIO_SDCard_IDE_CF:Wolfgang_Foerster_and_Fredi_Aschwanden|AMKB_REG[0]
To             : FalconIO_SDCard_IDE_CF:Wolfgang_Foerster_and_Fredi_Aschwanden|AMKB_REG[0]
From Clock     : altpll3:inst13|altpll:altpll_component|altpll_qks2:auto_generated|clk[2]
To Clock       : altpll3:inst13|altpll:altpll_component|altpll_qks2:auto_generated|clk[2]
Failed Paths   : 0

Type           : Clock Hold: 'altpll2:inst12|altpll:altpll_component|altpll_isv2:auto_generated|clk[0]'
Slack          : 0.502 ns
Required Time  : 132.01 MHz ( period = 7.575 ns )
Actual Time    : N/A
From           : Video:Fredi_Aschwanden|BLITTER:BLITTER|FERTIG
To             : Video:Fredi_Aschwanden|BLITTER:BLITTER|FERTIG
From Clock     : altpll2:inst12|altpll:altpll_component|altpll_isv2:auto_generated|clk[0]
To Clock       : altpll2:inst12|altpll:altpll_component|altpll_isv2:auto_generated|clk[0]
Failed Paths   : 0

Type           : Clock Hold: 'altpll4:inst22|altpll:altpll_component|altpll_c6j2:auto_generated|clk[0]'
Slack          : 0.502 ns
Required Time  : 96.01 MHz ( period = 10.416 ns )
Actual Time    : N/A
From           : Video:Fredi_Aschwanden|Doppelzeilen_Fifo:inst98|scfifo:scfifo_component|scfifo_kk21:auto_generated|a_dpfifo_nq21:dpfifo|low_addressa[8]
To             : Video:Fredi_Aschwanden|Doppelzeilen_Fifo:inst98|scfifo:scfifo_component|scfifo_kk21:auto_generated|a_dpfifo_nq21:dpfifo|low_addressa[8]
From Clock     : altpll4:inst22|altpll:altpll_component|altpll_c6j2:auto_generated|clk[0]
To Clock       : altpll4:inst22|altpll:altpll_component|altpll_c6j2:auto_generated|clk[0]
Failed Paths   : 0

Type           : Clock Hold: 'altpll2:inst12|altpll:altpll_component|altpll_isv2:auto_generated|clk[2]'
Slack          : 1.815 ns
Required Time  : 132.01 MHz ( period = 7.575 ns )
Actual Time    : N/A
From           : Video:Fredi_Aschwanden|DDR_CTR:DDR_CTR|SR_VDMP[3]
To             : Video:Fredi_Aschwanden|lpm_ff5:inst97|lpm_ff:lpm_ff_component|dffs[3]
From Clock     : altpll2:inst12|altpll:altpll_component|altpll_isv2:auto_generated|clk[0]
To Clock       : altpll2:inst12|altpll:altpll_component|altpll_isv2:auto_generated|clk[2]
Failed Paths   : 0

Type           : Clock Hold: 'altpll2:inst12|altpll:altpll_component|altpll_isv2:auto_generated|clk[3]'
Slack          : 2.291 ns
Required Time  : 132.01 MHz ( period = 7.575 ns )
Actual Time    : N/A
From           : Video:Fredi_Aschwanden|inst90~_Duplicate_4
To             : Video:Fredi_Aschwanden|altddio_bidir0:inst1|altddio_bidir:altddio_bidir_component|ddio_bidir_3jl:auto_generated|ddio_outa[27]~DFFHI
From Clock     : altpll2:inst12|altpll:altpll_component|altpll_isv2:auto_generated|clk[3]
To Clock       : altpll2:inst12|altpll:altpll_component|altpll_isv2:auto_generated|clk[3]
Failed Paths   : 0

Type           : Clock Hold: 'altpll2:inst12|altpll:altpll_component|altpll_isv2:auto_generated|clk[4]'
Slack          : 2.612 ns
Required Time  : 66.00 MHz ( period = 15.151 ns )
Actual Time    : N/A
From           : Video:Fredi_Aschwanden|DDR_CTR:DDR_CTR|CPU_REQ
To             : Video:Fredi_Aschwanden|DDR_CTR:DDR_CTR|CPU_REQ
From Clock     : altpll2:inst12|altpll:altpll_component|altpll_isv2:auto_generated|clk[4]
To Clock       : altpll2:inst12|altpll:altpll_component|altpll_isv2:auto_generated|clk[4]
Failed Paths   : 0

Type           : Clock Hold: 'altpll2:inst12|altpll:altpll_component|altpll_isv2:auto_generated|clk[1]'
Slack          : 4.336 ns
Required Time  : 132.01 MHz ( period = 7.575 ns )
Actual Time    : N/A
From           : Video:Fredi_Aschwanden|altddio_bidir0:inst1|altddio_bidir:altddio_bidir_component|ddio_bidir_3jl:auto_generated|input_cell_l[31]
To             : Video:Fredi_Aschwanden|altddio_bidir0:inst1|altddio_bidir:altddio_bidir_component|ddio_bidir_3jl:auto_generated|input_latch_l[31]
From Clock     : altpll2:inst12|altpll:altpll_component|altpll_isv2:auto_generated|clk[1]
To Clock       : altpll2:inst12|altpll:altpll_component|altpll_isv2:auto_generated|clk[1]
Failed Paths   : 0

Type           : Total number of failed paths
Slack          : 
Required Time  : 
Actual Time    : 
From           : 
To             : 
From Clock     : 
To Clock       : 
Failed Paths   : 129149

--------------------------------------------------------------------------------------

