--------------------------------------------------------------------------------------
Timing Analyzer Summary
--------------------------------------------------------------------------------------

Type           : Worst-case tsu
Slack          : -10.689 ns
Required Time  : 1.000 ns
Actual Time    : 11.689 ns
From           : nFB_CS1
To             : FalconIO_SDCard_IDE_CF:Wolfgang_Foerster_and_Fredi_Aschwanden|WF5380_TOP_SOC:I_SCSI|WF5380_REGISTERS:I_REGISTERS|SER[2]
From Clock     : --
To Clock       : MAIN_CLK
Failed Paths   : 9930

Type           : Worst-case tco
Slack          : -14.089 ns
Required Time  : 1.000 ns
Actual Time    : 15.089 ns
From           : FalconIO_SDCard_IDE_CF:Wolfgang_Foerster_and_Fredi_Aschwanden|WF2149IP_TOP_SOC:I_SOUND|ADR_I[1]
To             : FB_AD[27]
From Clock     : MAIN_CLK
To Clock       : --
Failed Paths   : 7401

Type           : Worst-case tpd
Slack          : -14.015 ns
Required Time  : 1.000 ns
Actual Time    : 15.015 ns
From           : nFB_CS1
To             : FB_AD[27]
From Clock     : --
To Clock       : --
Failed Paths   : 546

Type           : Worst-case th
Slack          : -0.258 ns
Required Time  : 1.000 ns
Actual Time    : 1.258 ns
From           : FB_AD[20]
To             : FalconIO_SDCard_IDE_CF:Wolfgang_Foerster_and_Fredi_Aschwanden|dcfifo1:WRF|dcfifo_mixed_widths:dcfifo_mixed_widths_component|dcfifo_3fh1:auto_generated|altsyncram_ci31:fifo_ram|ram_block11a0~porta_datain_reg0
From Clock     : --
To Clock       : MAIN_CLK
Failed Paths   : 16

Type           : Clock Setup: 'altpll2:inst12|altpll:altpll_component|altpll_isv2:auto_generated|clk[3]'
Slack          : -17.845 ns
Required Time  : 132.01 MHz ( period = 7.575 ns )
Actual Time    : N/A
From           : Video:Fredi_Aschwanden|BLITTER:BLITTER|BL_DST_ADR[0]
To             : Video:Fredi_Aschwanden|altddio_bidir0:inst1|altddio_bidir:altddio_bidir_component|ddio_bidir_3jl:auto_generated|ddio_outa[21]~DFFLO
From Clock     : MAIN_CLK
To Clock       : altpll2:inst12|altpll:altpll_component|altpll_isv2:auto_generated|clk[3]
Failed Paths   : 29183

Type           : Clock Setup: 'altpll2:inst12|altpll:altpll_component|altpll_isv2:auto_generated|clk[0]'
Slack          : -11.412 ns
Required Time  : 132.01 MHz ( period = 7.575 ns )
Actual Time    : N/A
From           : Video:Fredi_Aschwanden|BLITTER:BLITTER|BL_DST_ADR[0]
To             : Video:Fredi_Aschwanden|DDR_CTR:DDR_CTR|VA_P[4]
From Clock     : MAIN_CLK
To Clock       : altpll2:inst12|altpll:altpll_component|altpll_isv2:auto_generated|clk[0]
Failed Paths   : 25165

Type           : Clock Setup: 'altpll3:inst13|altpll:altpll_component|altpll_qks2:auto_generated|clk[0]'
Slack          : -6.848 ns
Required Time  : 25.00 MHz ( period = 39.999 ns )
Actual Time    : N/A
From           : Video:Fredi_Aschwanden|VIDEO_MOD_MUX_CLUTCTR:VIDEO_MOD_MUX_CLUTCTR|ACP_VCTR[6]
To             : Video:Fredi_Aschwanden|VIDEO_MOD_MUX_CLUTCTR:VIDEO_MOD_MUX_CLUTCTR|INTER_ZEI
From Clock     : MAIN_CLK
To Clock       : altpll3:inst13|altpll:altpll_component|altpll_qks2:auto_generated|clk[0]
Failed Paths   : 5329

Type           : Clock Setup: 'MAIN_CLK'
Slack          : -6.482 ns
Required Time  : 33.00 MHz ( period = 30.303 ns )
Actual Time    : N/A
From           : FB_ALE
To             : FalconIO_SDCard_IDE_CF:Wolfgang_Foerster_and_Fredi_Aschwanden|CMD_STATE.T8
From Clock     : altpll1:inst|altpll:altpll_component|altpll_d4m2:auto_generated|clk[0]
To Clock       : MAIN_CLK
Failed Paths   : 43303

Type           : Clock Setup: 'altpll4:inst22|altpll:altpll_component|altpll_c6j2:auto_generated|clk[0]'
Slack          : -6.153 ns
Required Time  : 96.01 MHz ( period = 10.416 ns )
Actual Time    : N/A
From           : Video:Fredi_Aschwanden|VIDEO_MOD_MUX_CLUTCTR:VIDEO_MOD_MUX_CLUTCTR|ACP_VCTR[6]
To             : Video:Fredi_Aschwanden|VIDEO_MOD_MUX_CLUTCTR:VIDEO_MOD_MUX_CLUTCTR|INTER_ZEI
From Clock     : MAIN_CLK
To Clock       : altpll4:inst22|altpll:altpll_component|altpll_c6j2:auto_generated|clk[0]
Failed Paths   : 5302

Type           : Clock Setup: 'altpll1:inst|altpll:altpll_component|altpll_d4m2:auto_generated|clk[1]'
Slack          : -4.613 ns
Required Time  : 16.00 MHz ( period = 62.499 ns )
Actual Time    : N/A
From           : lpm_ff0:inst1|lpm_ff:lpm_ff_component|dffs[16]
To             : FalconIO_SDCard_IDE_CF:Wolfgang_Foerster_and_Fredi_Aschwanden|WF5380_TOP_SOC:I_SCSI|WF5380_REGISTERS:I_REGISTERS|SER[2]
From Clock     : altpll2:inst12|altpll:altpll_component|altpll_isv2:auto_generated|clk[4]
To Clock       : altpll1:inst|altpll:altpll_component|altpll_d4m2:auto_generated|clk[1]
Failed Paths   : 2876

Type           : Clock Setup: 'altpll2:inst12|altpll:altpll_component|altpll_isv2:auto_generated|clk[4]'
Slack          : -3.386 ns
Required Time  : 66.00 MHz ( period = 15.151 ns )
Actual Time    : N/A
From           : FB_ALE
To             : lpm_ff0:inst1|lpm_ff:lpm_ff_component|dffs[14]
From Clock     : altpll3:inst13|altpll:altpll_component|altpll_qks2:auto_generated|clk[0]
To Clock       : altpll2:inst12|altpll:altpll_component|altpll_isv2:auto_generated|clk[4]
Failed Paths   : 33

Type           : Clock Setup: 'altpll2:inst12|altpll:altpll_component|altpll_isv2:auto_generated|clk[1]'
Slack          : 2.966 ns
Required Time  : 132.01 MHz ( period = 7.575 ns )
Actual Time    : Restricted to 500.00 MHz ( period = 2.000 ns )
From           : Video:Fredi_Aschwanden|altddio_bidir0:inst1|altddio_bidir:altddio_bidir_component|ddio_bidir_3jl:auto_generated|input_cell_l[8]
To             : Video:Fredi_Aschwanden|altddio_bidir0:inst1|altddio_bidir:altddio_bidir_component|ddio_bidir_3jl:auto_generated|input_latch_l[8]
From Clock     : altpll2:inst12|altpll:altpll_component|altpll_isv2:auto_generated|clk[1]
To Clock       : altpll2:inst12|altpll:altpll_component|altpll_isv2:auto_generated|clk[1]
Failed Paths   : 0

Type           : Clock Setup: 'altpll2:inst12|altpll:altpll_component|altpll_isv2:auto_generated|clk[2]'
Slack          : 5.489 ns
Required Time  : 132.01 MHz ( period = 7.575 ns )
Actual Time    : N/A
From           : Video:Fredi_Aschwanden|DDR_CTR:DDR_CTR|SR_VDMP[6]
To             : Video:Fredi_Aschwanden|lpm_ff5:inst97|lpm_ff:lpm_ff_component|dffs[6]
From Clock     : altpll2:inst12|altpll:altpll_component|altpll_isv2:auto_generated|clk[0]
To Clock       : altpll2:inst12|altpll:altpll_component|altpll_isv2:auto_generated|clk[2]
Failed Paths   : 0

Type           : Clock Setup: 'altpll3:inst13|altpll:altpll_component|altpll_qks2:auto_generated|clk[2]'
Slack          : 27.221 ns
Required Time  : 0.50 MHz ( period = 1999.998 ns )
Actual Time    : N/A
From           : FalconIO_SDCard_IDE_CF:Wolfgang_Foerster_and_Fredi_Aschwanden|WF6850IP_TOP_SOC:I_ACIA_KEYBOARD|WF6850IP_TRANSMIT:I_UART_TRANSMIT|TR_STATE.PARITY
To             : FalconIO_SDCard_IDE_CF:Wolfgang_Foerster_and_Fredi_Aschwanden|AMKB_TX
From Clock     : MAIN_CLK
To Clock       : altpll3:inst13|altpll:altpll_component|altpll_qks2:auto_generated|clk[2]
Failed Paths   : 0

Type           : Clock Hold: 'MAIN_CLK'
Slack          : -4.871 ns
Required Time  : 33.00 MHz ( period = 30.303 ns )
Actual Time    : N/A
From           : Video:Fredi_Aschwanden|VIDEO_MOD_MUX_CLUTCTR:VIDEO_MOD_MUX_CLUTCTR|HSY_LEN[4]
To             : Video:Fredi_Aschwanden|VIDEO_MOD_MUX_CLUTCTR:VIDEO_MOD_MUX_CLUTCTR|HSYNC_I[4]
From Clock     : MAIN_CLK
To Clock       : MAIN_CLK
Failed Paths   : 764

Type           : Clock Hold: 'altpll3:inst13|altpll:altpll_component|altpll_qks2:auto_generated|clk[0]'
Slack          : -0.116 ns
Required Time  : 25.00 MHz ( period = 39.999 ns )
Actual Time    : N/A
From           : Video:Fredi_Aschwanden|lpm_fifoDZ:inst63|scfifo:scfifo_component|scfifo_kk21:auto_generated|a_dpfifo_nq21:dpfifo|low_addressa[8]
To             : Video:Fredi_Aschwanden|lpm_fifoDZ:inst63|scfifo:scfifo_component|scfifo_kk21:auto_generated|a_dpfifo_nq21:dpfifo|low_addressa[8]
From Clock     : altpll3:inst13|altpll:altpll_component|altpll_qks2:auto_generated|clk[0]
To Clock       : altpll3:inst13|altpll:altpll_component|altpll_qks2:auto_generated|clk[0]
Failed Paths   : 136

Type           : Clock Hold: 'altpll2:inst12|altpll:altpll_component|altpll_isv2:auto_generated|clk[0]'
Slack          : 0.491 ns
Required Time  : 132.01 MHz ( period = 7.575 ns )
Actual Time    : N/A
From           : Video:Fredi_Aschwanden|lpm_fifo_dc0:inst|dcfifo:dcfifo_component|dcfifo_bqh1:auto_generated|a_graycounter_pjc:wrptr_gp|counter11a[0]
To             : Video:Fredi_Aschwanden|lpm_fifo_dc0:inst|dcfifo:dcfifo_component|dcfifo_bqh1:auto_generated|altsyncram_fo31:fifo_ram|ram_block12a79~porta_address_reg0
From Clock     : altpll2:inst12|altpll:altpll_component|altpll_isv2:auto_generated|clk[0]
To Clock       : altpll2:inst12|altpll:altpll_component|altpll_isv2:auto_generated|clk[0]
Failed Paths   : 0

Type           : Clock Hold: 'altpll1:inst|altpll:altpll_component|altpll_d4m2:auto_generated|clk[1]'
Slack          : 0.500 ns
Required Time  : 16.00 MHz ( period = 62.499 ns )
Actual Time    : N/A
From           : FalconIO_SDCard_IDE_CF:Wolfgang_Foerster_and_Fredi_Aschwanden|dcfifo0:RDF|dcfifo_mixed_widths:dcfifo_mixed_widths_component|dcfifo_0hh1:auto_generated|wrptr_g[8]
To             : FalconIO_SDCard_IDE_CF:Wolfgang_Foerster_and_Fredi_Aschwanden|dcfifo0:RDF|dcfifo_mixed_widths:dcfifo_mixed_widths_component|dcfifo_0hh1:auto_generated|altsyncram_bi31:fifo_ram|ram_block11a0~porta_address_reg0
From Clock     : altpll1:inst|altpll:altpll_component|altpll_d4m2:auto_generated|clk[1]
To Clock       : altpll1:inst|altpll:altpll_component|altpll_d4m2:auto_generated|clk[1]
Failed Paths   : 0

Type           : Clock Hold: 'altpll3:inst13|altpll:altpll_component|altpll_qks2:auto_generated|clk[2]'
Slack          : 0.502 ns
Required Time  : 0.50 MHz ( period = 1999.998 ns )
Actual Time    : N/A
From           : FalconIO_SDCard_IDE_CF:Wolfgang_Foerster_and_Fredi_Aschwanden|AMKB_REG[0]
To             : FalconIO_SDCard_IDE_CF:Wolfgang_Foerster_and_Fredi_Aschwanden|AMKB_REG[0]
From Clock     : altpll3:inst13|altpll:altpll_component|altpll_qks2:auto_generated|clk[2]
To Clock       : altpll3:inst13|altpll:altpll_component|altpll_qks2:auto_generated|clk[2]
Failed Paths   : 0

Type           : Clock Hold: 'altpll4:inst22|altpll:altpll_component|altpll_c6j2:auto_generated|clk[0]'
Slack          : 0.502 ns
Required Time  : 96.01 MHz ( period = 10.416 ns )
Actual Time    : N/A
From           : Video:Fredi_Aschwanden|lpm_fifoDZ:inst63|scfifo:scfifo_component|scfifo_kk21:auto_generated|a_dpfifo_nq21:dpfifo|low_addressa[8]
To             : Video:Fredi_Aschwanden|lpm_fifoDZ:inst63|scfifo:scfifo_component|scfifo_kk21:auto_generated|a_dpfifo_nq21:dpfifo|low_addressa[8]
From Clock     : altpll4:inst22|altpll:altpll_component|altpll_c6j2:auto_generated|clk[0]
To Clock       : altpll4:inst22|altpll:altpll_component|altpll_c6j2:auto_generated|clk[0]
Failed Paths   : 0

Type           : Clock Hold: 'altpll2:inst12|altpll:altpll_component|altpll_isv2:auto_generated|clk[2]'
Slack          : 1.812 ns
Required Time  : 132.01 MHz ( period = 7.575 ns )
Actual Time    : N/A
From           : Video:Fredi_Aschwanden|DDR_CTR:DDR_CTR|SR_VDMP[4]
To             : Video:Fredi_Aschwanden|lpm_ff5:inst97|lpm_ff:lpm_ff_component|dffs[4]
From Clock     : altpll2:inst12|altpll:altpll_component|altpll_isv2:auto_generated|clk[0]
To Clock       : altpll2:inst12|altpll:altpll_component|altpll_isv2:auto_generated|clk[2]
Failed Paths   : 0

Type           : Clock Hold: 'altpll2:inst12|altpll:altpll_component|altpll_isv2:auto_generated|clk[4]'
Slack          : 2.489 ns
Required Time  : 66.00 MHz ( period = 15.151 ns )
Actual Time    : N/A
From           : Video:Fredi_Aschwanden|DDR_CTR:DDR_CTR|CPU_REQ
To             : Video:Fredi_Aschwanden|DDR_CTR:DDR_CTR|CPU_REQ
From Clock     : altpll2:inst12|altpll:altpll_component|altpll_isv2:auto_generated|clk[4]
To Clock       : altpll2:inst12|altpll:altpll_component|altpll_isv2:auto_generated|clk[4]
Failed Paths   : 0

Type           : Clock Hold: 'altpll2:inst12|altpll:altpll_component|altpll_isv2:auto_generated|clk[3]'
Slack          : 3.193 ns
Required Time  : 132.01 MHz ( period = 7.575 ns )
Actual Time    : N/A
From           : Video:Fredi_Aschwanden|inst90~_Duplicate_4
To             : Video:Fredi_Aschwanden|altddio_bidir0:inst1|altddio_bidir:altddio_bidir_component|ddio_bidir_3jl:auto_generated|ddio_outa[31]~DFFHI
From Clock     : altpll2:inst12|altpll:altpll_component|altpll_isv2:auto_generated|clk[3]
To Clock       : altpll2:inst12|altpll:altpll_component|altpll_isv2:auto_generated|clk[3]
Failed Paths   : 0

Type           : Clock Hold: 'altpll2:inst12|altpll:altpll_component|altpll_isv2:auto_generated|clk[1]'
Slack          : 4.335 ns
Required Time  : 132.01 MHz ( period = 7.575 ns )
Actual Time    : N/A
From           : Video:Fredi_Aschwanden|altddio_bidir0:inst1|altddio_bidir:altddio_bidir_component|ddio_bidir_3jl:auto_generated|input_cell_l[16]
To             : Video:Fredi_Aschwanden|altddio_bidir0:inst1|altddio_bidir:altddio_bidir_component|ddio_bidir_3jl:auto_generated|input_latch_l[16]
From Clock     : altpll2:inst12|altpll:altpll_component|altpll_isv2:auto_generated|clk[1]
To Clock       : altpll2:inst12|altpll:altpll_component|altpll_isv2:auto_generated|clk[1]
Failed Paths   : 0

Type           : Total number of failed paths
Slack          : 
Required Time  : 
Actual Time    : 
From           : 
To             : 
From Clock     : 
To Clock       : 
Failed Paths   : 129984

--------------------------------------------------------------------------------------

